[    0.000000] Linux version 4.15.0-212-generic (buildd@lcy02-amd64-083) (gcc version 7.5.0 (Ubuntu 7.5.0-3ubuntu1~18.04)) #223-Ubuntu SMP Tue May 23 13:09:22 UTC 2023 (Ubuntu 4.15.0-212.223-generic 4.15.18)
[    0.000000] Command line: BOOT_IMAGE=/boot/vmlinuz-4.15.0-212-generic root=LABEL=cloudimg-rootfs ro console=tty1 console=ttyS0
[    0.000000] KERNEL supported cpus:
[    0.000000]   Intel GenuineIntel
[    0.000000]   AMD AuthenticAMD
[    0.000000]   Centaur CentaurHauls
[    0.000000] x86/fpu: Supporting XSAVE feature 0x001: 'x87 floating point registers'
[    0.000000] x86/fpu: Supporting XSAVE feature 0x002: 'SSE registers'
[    0.000000] x86/fpu: Supporting XSAVE feature 0x004: 'AVX registers'
[    0.000000] x86/fpu: xstate_offset[2]:  576, xstate_sizes[2]:  256
[    0.000000] x86/fpu: Enabled xstate features 0x7, context size is 832 bytes, using 'standard' format.
[    0.000000] e820: BIOS-provided physical RAM map:
[    0.000000] BIOS-e820: [mem 0x0000000000000000-0x000000000009fbff] usable
[    0.000000] BIOS-e820: [mem 0x000000000009fc00-0x000000000009ffff] reserved
[    0.000000] BIOS-e820: [mem 0x00000000000f0000-0x00000000000fffff] reserved
[    0.000000] BIOS-e820: [mem 0x0000000000100000-0x00000000dffeffff] usable
[    0.000000] BIOS-e820: [mem 0x00000000dfff0000-0x00000000dfffffff] ACPI data
[    0.000000] BIOS-e820: [mem 0x00000000fec00000-0x00000000fec00fff] reserved
[    0.000000] BIOS-e820: [mem 0x00000000fee00000-0x00000000fee00fff] reserved
[    0.000000] BIOS-e820: [mem 0x00000000fffc0000-0x00000000ffffffff] reserved
[    0.000000] BIOS-e820: [mem 0x0000000100000000-0x000000021fffffff] usable
[    0.000000] NX (Execute Disable) protection: active
[    0.000000] SMBIOS 2.5 present.
[    0.000000] DMI: innotek GmbH VirtualBox/VirtualBox, BIOS VirtualBox 12/01/2006
[    0.000000] Hypervisor detected: KVM
[    0.000000] e820: last_pfn = 0x220000 max_arch_pfn = 0x400000000
[    0.000000] MTRR: Disabled
[    0.000000] x86/PAT: MTRRs disabled, skipping PAT initialization too.
[    0.000000] CPU MTRRs all blank - virtualized system.
[    0.000000] x86/PAT: Configuration [0-7]: WB  WT  UC- UC  WB  WT  UC- UC  
[    0.000000] e820: last_pfn = 0xdfff0 max_arch_pfn = 0x400000000
[    0.000000] found SMP MP-table at [mem 0x0009fff0-0x0009ffff]
[    0.000000] Scanning 1 areas for low memory corruption
[    0.000000] RAMDISK: [mem 0x359cb000-0x36cdcfff]
[    0.000000] ACPI: Early table checksum verification disabled
[    0.000000] ACPI: RSDP 0x00000000000E0000 000024 (v02 VBOX  )
[    0.000000] ACPI: XSDT 0x00000000DFFF0030 00003C (v01 VBOX   VBOXXSDT 00000001 ASL  00000061)
[    0.000000] ACPI: FACP 0x00000000DFFF00F0 0000F4 (v04 VBOX   VBOXFACP 00000001 ASL  00000061)
[    0.000000] ACPI: DSDT 0x00000000DFFF0620 002353 (v02 VBOX   VBOXBIOS 00000002 INTL 20210930)
[    0.000000] ACPI: FACS 0x00000000DFFF0200 000040
[    0.000000] ACPI: FACS 0x00000000DFFF0200 000040
[    0.000000] ACPI: APIC 0x00000000DFFF0240 00006C (v02 VBOX   VBOXAPIC 00000001 ASL  00000061)
[    0.000000] ACPI: SSDT 0x00000000DFFF02B0 00036C (v01 VBOX   VBOXCPUT 00000002 INTL 20210930)
[    0.000000] ACPI: Reserving FACP table memory at [mem 0xdfff00f0-0xdfff01e3]
[    0.000000] ACPI: Reserving DSDT table memory at [mem 0xdfff0620-0xdfff2972]
[    0.000000] ACPI: Reserving FACS table memory at [mem 0xdfff0200-0xdfff023f]
[    0.000000] ACPI: Reserving FACS table memory at [mem 0xdfff0200-0xdfff023f]
[    0.000000] ACPI: Reserving APIC table memory at [mem 0xdfff0240-0xdfff02ab]
[    0.000000] ACPI: Reserving SSDT table memory at [mem 0xdfff02b0-0xdfff061b]
[    0.000000] No NUMA configuration found
[    0.000000] Faking a node at [mem 0x0000000000000000-0x000000021fffffff]
[    0.000000] NODE_DATA(0) allocated [mem 0x21ffd1000-0x21fffbfff]
[    0.000000] kvm-clock: cpu 0, msr 2:1ff50001, primary cpu clock
[    0.000000] kvm-clock: Using msrs 4b564d01 and 4b564d00
[    0.000000] kvm-clock: using sched offset of 3455015587 cycles
[    0.000000] clocksource: kvm-clock: mask: 0xffffffffffffffff max_cycles: 0x1cd42e4dffb, max_idle_ns: 881590591483 ns
[    0.000000] Zone ranges:
[    0.000000]   DMA      [mem 0x0000000000001000-0x0000000000ffffff]
[    0.000000]   DMA32    [mem 0x0000000001000000-0x00000000ffffffff]
[    0.000000]   Normal   [mem 0x0000000100000000-0x000000021fffffff]
[    0.000000]   Device   empty
[    0.000000] Movable zone start for each node
[    0.000000] Early memory node ranges
[    0.000000]   node   0: [mem 0x0000000000001000-0x000000000009efff]
[    0.000000]   node   0: [mem 0x0000000000100000-0x00000000dffeffff]
[    0.000000]   node   0: [mem 0x0000000100000000-0x000000021fffffff]
[    0.000000] Reserved but unavailable: 104 pages
[    0.000000] Initmem setup node 0 [mem 0x0000000000001000-0x000000021fffffff]
[    0.000000] ACPI: PM-Timer IO Port: 0x4008
[    0.000000] IOAPIC[0]: apic_id 4, version 32, address 0xfec00000, GSI 0-23
[    0.000000] ACPI: INT_SRC_OVR (bus 0 bus_irq 0 global_irq 2 dfl dfl)
[    0.000000] ACPI: INT_SRC_OVR (bus 0 bus_irq 9 global_irq 9 low level)
[    0.000000] Using ACPI (MADT) for SMP configuration information
[    0.000000] smpboot: Allowing 4 CPUs, 0 hotplug CPUs
[    0.000000] PM: Registered nosave memory: [mem 0x00000000-0x00000fff]
[    0.000000] PM: Registered nosave memory: [mem 0x0009f000-0x0009ffff]
[    0.000000] PM: Registered nosave memory: [mem 0x000a0000-0x000effff]
[    0.000000] PM: Registered nosave memory: [mem 0x000f0000-0x000fffff]
[    0.000000] PM: Registered nosave memory: [mem 0xdfff0000-0xdfffffff]
[    0.000000] PM: Registered nosave memory: [mem 0xe0000000-0xfebfffff]
[    0.000000] PM: Registered nosave memory: [mem 0xfec00000-0xfec00fff]
[    0.000000] PM: Registered nosave memory: [mem 0xfec01000-0xfedfffff]
[    0.000000] PM: Registered nosave memory: [mem 0xfee00000-0xfee00fff]
[    0.000000] PM: Registered nosave memory: [mem 0xfee01000-0xfffbffff]
[    0.000000] PM: Registered nosave memory: [mem 0xfffc0000-0xffffffff]
[    0.000000] e820: [mem 0xe0000000-0xfebfffff] available for PCI devices
[    0.000000] Booting paravirtualized kernel on KVM
[    0.000000] clocksource: refined-jiffies: mask: 0xffffffff max_cycles: 0xffffffff, max_idle_ns: 7645519600211568 ns
[    0.000000] setup_percpu: NR_CPUS:8192 nr_cpumask_bits:4 nr_cpu_ids:4 nr_node_ids:1
[    0.000000] percpu: Embedded 50 pages/cpu s167936 r8192 d28672 u524288
[    0.000000] PV qspinlock hash table entries: 256 (order: 0, 4096 bytes)
[    0.000000] Built 1 zonelists, mobility grouping on.  Total pages: 2064249
[    0.000000] Policy zone: Normal
[    0.000000] Kernel command line: BOOT_IMAGE=/boot/vmlinuz-4.15.0-212-generic root=LABEL=cloudimg-rootfs ro console=tty1 console=ttyS0
[    0.000000] Memory: 8141620K/8388152K available (12300K kernel code, 2477K rwdata, 4324K rodata, 2480K init, 2720K bss, 246532K reserved, 0K cma-reserved)
[    0.000000] SLUB: HWalign=64, Order=0-3, MinObjects=0, CPUs=4, Nodes=1
[    0.000000] Kernel/User page tables isolation: enabled
[    0.000000] ftrace: allocating 39508 entries in 155 pages
[    0.004000] Hierarchical RCU implementation.
[    0.004000] 	RCU restricting CPUs from NR_CPUS=8192 to nr_cpu_ids=4.
[    0.004000] 	Tasks RCU enabled.
[    0.004000] RCU: Adjusting geometry for rcu_fanout_leaf=16, nr_cpu_ids=4
[    0.004000] NR_IRQS: 524544, nr_irqs: 456, preallocated irqs: 16
[    0.004000] random: crng init done
[    0.004000] Console: colour VGA+ 80x25
[    0.004000] console [tty1] enabled
[    0.004000] console [ttyS0] enabled
[    0.004000] ACPI: Core revision 20170831
[    0.004000] ACPI: 2 ACPI AML tables successfully acquired and loaded
[    0.004000] APIC: Switch to symmetric I/O mode setup
[    0.004000] x2apic enabled
[    0.004017] Switched APIC routing to physical x2apic.
[    0.012000] ..TIMER: vector=0x30 apic1=0 pin1=2 apic2=-1 pin2=-1
[    0.012002] tsc: Detected 2594.568 MHz processor
[    0.016008] Calibrating delay loop (skipped) preset value.. 5189.13 BogoMIPS (lpj=10378272)
[    0.020002] pid_max: default: 32768 minimum: 301
[    0.024034] Security Framework initialized
[    0.028002] Yama: becoming mindful.
[    0.030079] AppArmor: AppArmor initialized
[    0.041799] Dentry cache hash table entries: 1048576 (order: 11, 8388608 bytes)
[    0.051435] Inode-cache hash table entries: 524288 (order: 10, 4194304 bytes)
[    0.052170] Mount-cache hash table entries: 16384 (order: 5, 131072 bytes)
[    0.056163] Mountpoint-cache hash table entries: 16384 (order: 5, 131072 bytes)
[    0.064268] Last level iTLB entries: 4KB 64, 2MB 8, 4MB 8
[    0.067257] Last level dTLB entries: 4KB 64, 2MB 0, 4MB 0, 1GB 4
[    0.068016] Spectre V1 : Mitigation: usercopy/swapgs barriers and __user pointer sanitization
[    0.072002] Spectre V2 : Mitigation: Retpolines
[    0.076001] Spectre V2 : Spectre v2 / SpectreRSB mitigation: Filling RSB on context switch
[    0.080001] Spectre V2 : Spectre v2 / SpectreRSB : Filling RSB on VMEXIT
[    0.084001] RETBleed: WARNING: Spectre v2 mitigation leaves CPU vulnerable to RETBleed attacks, data leaks possible!
[    0.088002] RETBleed: Vulnerable
[    0.089827] Speculative Store Bypass: Vulnerable
[    0.092094] MDS: Mitigation: Clear CPU buffers
[    0.094527] MMIO Stale Data: Mitigation: Clear CPU buffers
[    0.096015] SRBDS: Unknown: Dependent on hypervisor status
[    0.100149] Freeing SMP alternatives memory: 36K
[    0.217299] APIC calibration not consistent with PM-Timer: 101ms instead of 100ms
[    0.220000] APIC delta adjusted to PM-Timer: 6273107 (6358927)
[    0.220200] smpboot: CPU0: Intel(R) Core(TM) i7-9750H CPU @ 2.60GHz (family: 0x6, model: 0x9e, stepping: 0xa)
[    0.224178] Performance Events: unsupported p6 CPU model 158 no PMU driver, software events only.
[    0.228062] Hierarchical SRCU implementation.
[    0.232532] NMI watchdog: Perf event create on CPU 0 failed with -2
[    0.236002] NMI watchdog: Perf NMI watchdog permanently disabled
[    0.240180] smp: Bringing up secondary CPUs ...
[    0.244350] x86: Booting SMP configuration:
[    0.246773] .... node  #0, CPUs:      #1
[    0.004000] kvm-clock: cpu 1, msr 2:1ff50041, secondary cpu clock
[    0.254004]  #2
[    0.004000] kvm-clock: cpu 2, msr 2:1ff50081, secondary cpu clock
[    0.260398]  #3
[    0.004000] kvm-clock: cpu 3, msr 2:1ff500c1, secondary cpu clock
[    0.264112] smp: Brought up 1 node, 4 CPUs
[    0.266572] smpboot: Max logical packages: 1
[    0.268004] smpboot: Total of 4 processors activated (20756.54 BogoMIPS)
[    0.272317] devtmpfs: initialized
[    0.274135] x86/mm: Memory block size: 128MB
[    0.276845] evm: security.selinux
[    0.278860] evm: security.SMACK64
[    0.280003] evm: security.SMACK64EXEC
[    0.282188] evm: security.SMACK64TRANSMUTE
[    0.284000] evm: security.SMACK64MMAP
[    0.284002] evm: security.apparmor
[    0.286074] evm: security.ima
[    0.288003] evm: security.capability
[    0.290283] clocksource: jiffies: mask: 0xffffffff max_cycles: 0xffffffff, max_idle_ns: 7645041785100000 ns
[    0.292035] futex hash table entries: 1024 (order: 4, 65536 bytes)
[    0.296107] pinctrl core: initialized pinctrl subsystem
[    0.300328] RTC time: 18:46:11, date: 08/03/23
[    0.303353] NET: Registered protocol family 16
[    0.304096] audit: initializing netlink subsys (disabled)
[    0.308050] audit: type=2000 audit(1691088376.792:1): state=initialized audit_enabled=0 res=1
[    0.312005] cpuidle: using governor ladder
[    0.314634] cpuidle: using governor menu
[    0.316038] ACPI: bus type PCI registered
[    0.318371] acpiphp: ACPI Hot Plug PCI Controller Driver version: 0.5
[    0.320318] PCI: Using configuration type 1 for base access
[    0.325132] HugeTLB registered 2.00 MiB page size, pre-allocated 0 pages
[    0.328140] ACPI: Added _OSI(Module Device)
[    0.332004] ACPI: Added _OSI(Processor Device)
[    0.334827] ACPI: Added _OSI(3.0 _SCP Extensions)
[    0.336002] ACPI: Added _OSI(Processor Aggregator Device)
[    0.339052] ACPI: Added _OSI(Linux-Dell-Video)
[    0.340002] ACPI: Added _OSI(Linux-Lenovo-NV-HDMI-Audio)
[    0.344002] ACPI: Added _OSI(Linux-HPI-Hybrid-Graphics)
[    0.347516] ACPI: Executed 1 blocks of module-level executable AML code
[    0.353250] ACPI: Interpreter enabled
[    0.356011] ACPI: (supports S0 S5)
[    0.358106] ACPI: Using IOAPIC for interrupt routing
[    0.360329] PCI: Using host bridge windows from ACPI; if necessary, use "pci=nocrs" and report a bug
[    0.364207] ACPI: Enabled 2 GPEs in block 00 to 07
[    0.380109] ACPI: PCI Root Bridge [PCI0] (domain 0000 [bus 00-ff])
[    0.383542] acpi PNP0A03:00: _OSC: OS supports [ASPM ClockPM Segments MSI]
[    0.384662] acpi PNP0A03:00: _OSC: not requesting OS control; OS requires [ExtendedConfig ASPM ClockPM MSI]
[    0.388009] acpi PNP0A03:00: fail to add MMCONFIG information, can't access extended PCI configuration space under this bridge.
[    0.392621] PCI host bridge to bus 0000:00
[    0.395480] pci_bus 0000:00: root bus resource [io  0x0000-0x0cf7 window]
[    0.396003] pci_bus 0000:00: root bus resource [io  0x0d00-0xffff window]
[    0.400003] pci_bus 0000:00: root bus resource [mem 0x000a0000-0x000bffff window]
[    0.404003] pci_bus 0000:00: root bus resource [mem 0xe0000000-0xfdffffff window]
[    0.408000] pci_bus 0000:00: root bus resource [bus 00-ff]
[    0.416000] pci 0000:00:01.1: legacy IDE quirk: reg 0x10: [io  0x01f0-0x01f7]
[    0.416003] pci 0000:00:01.1: legacy IDE quirk: reg 0x14: [io  0x03f6]
[    0.420002] pci 0000:00:01.1: legacy IDE quirk: reg 0x18: [io  0x0170-0x0177]
[    0.424003] pci 0000:00:01.1: legacy IDE quirk: reg 0x1c: [io  0x0376]
[    0.506137] pci 0000:00:07.0: quirk: [io  0x4000-0x403f] claimed by PIIX4 ACPI
[    0.508100] pci 0000:00:07.0: quirk: [io  0x4100-0x410f] claimed by PIIX4 SMB
[    0.556498] ACPI: PCI Interrupt Link [LNKA] (IRQs 5 9 10 *11)
[    0.564332] ACPI: PCI Interrupt Link [LNKB] (IRQs 5 9 *10 11)
[    0.568177] ACPI: PCI Interrupt Link [LNKC] (IRQs 5 *9 10 11)
[    0.572189] ACPI: PCI Interrupt Link [LNKD] (IRQs 5 9 10 *11)
[    0.576587] SCSI subsystem initialized
[    0.584140] pci 0000:00:02.0: vgaarb: setting as boot VGA device
[    0.587570] pci 0000:00:02.0: vgaarb: VGA device added: decodes=io+mem,owns=io+mem,locks=none
[    0.588006] pci 0000:00:02.0: vgaarb: bridge control possible
[    0.592002] vgaarb: loaded
[    0.596035] ACPI: bus type USB registered
[    0.600018] usbcore: registered new interface driver usbfs
[    0.604018] usbcore: registered new interface driver hub
[    0.608023] usbcore: registered new device driver usb
[    0.612154] EDAC MC: Ver: 3.0.0
[    0.616661] PCI: Using ACPI for IRQ routing
[    0.625216] NetLabel: Initializing
[    0.628002] NetLabel:  domain hash size = 128
[    0.630550] NetLabel:  protocols = UNLABELED CIPSOv4 CALIPSO
[    0.632057] NetLabel:  unlabeled traffic allowed by default
[    0.636167] clocksource: Switched to clocksource kvm-clock
[    0.657836] VFS: Disk quotas dquot_6.6.0
[    0.660343] VFS: Dquot-cache hash table entries: 512 (order 0, 4096 bytes)
[    0.665003] AppArmor: AppArmor Filesystem Enabled
[    0.667845] pnp: PnP ACPI init
[    0.671898] pnp: PnP ACPI: found 3 devices
[    0.690833] clocksource: acpi_pm: mask: 0xffffff max_cycles: 0xffffff, max_idle_ns: 2085701024 ns
[    0.696241] NET: Registered protocol family 2
[    0.700126] IP idents hash table entries: 131072 (order: 8, 1048576 bytes)
[    0.704756] TCP established hash table entries: 65536 (order: 7, 524288 bytes)
[    0.709647] TCP bind hash table entries: 65536 (order: 8, 1048576 bytes)
[    0.715303] TCP: Hash tables configured (established 65536 bind 65536)
[    0.719346] UDP hash table entries: 4096 (order: 5, 131072 bytes)
[    0.723194] UDP-Lite hash table entries: 4096 (order: 5, 131072 bytes)
[    0.727237] NET: Registered protocol family 1
[    0.729959] pci 0000:00:00.0: Limiting direct PCI/PCI transfers
[    0.734079] pci 0000:00:01.0: Activating ISA DMA hang workarounds
[    0.738020] pci 0000:00:02.0: Video device with shadowed ROM at [mem 0x000c0000-0x000dffff]
[    0.743316] Unpacking initramfs...
[    1.039752] Freeing initrd memory: 19528K
[    1.042330] PCI-DMA: Using software bounce buffering for IO (SWIOTLB)
[    1.046359] software IO TLB: mapped [mem 0xdbff0000-0xdfff0000] (64MB)
[    1.050098] clocksource: tsc: mask: 0xffffffffffffffff max_cycles: 0x256630a73de, max_idle_ns: 440795250428 ns
[    1.055650] platform rtc_cmos: registered platform RTC device (no PNP device found)
[    1.060091] Scanning for low memory corruption every 60 seconds
[    1.064697] Initialise system trusted keyrings
[    1.067243] Key type blacklist registered
[    1.069899] workingset: timestamp_bits=36 max_order=21 bucket_order=0
[    1.074806] zbud: loaded
[    1.077310] squashfs: version 4.0 (2009/01/31) Phillip Lougher
[    1.081557] fuse init (API version 7.26)
[    1.094020] Key type asymmetric registered
[    1.096487] Asymmetric key parser 'x509' registered
[    1.099296] Block layer SCSI generic (bsg) driver version 0.4 loaded (major 246)
[    1.103596] io scheduler noop registered
[    1.106029] io scheduler deadline registered
[    1.108596] io scheduler cfq registered (default)
[    1.112187] ACPI: AC Adapter [AC] (off-line)
[    1.115266] input: Power Button as /devices/LNXSYSTM:00/LNXPWRBN:00/input/input0
[    1.119538] ACPI: Power Button [PWRF]
[    1.121909] input: Sleep Button as /devices/LNXSYSTM:00/LNXSLPBN:00/input/input1
[    1.126650] ACPI: Sleep Button [SLPF]
[    1.130780] ACPI: Battery Slot [BAT0] (battery present)
[    1.132570] Serial: 8250/16550 driver, 32 ports, IRQ sharing enabled
[    1.162301] 00:02: ttyS0 at I/O 0x3f8 (irq = 4, base_baud = 115200) is a 16550A
[    1.169624] Linux agpgart interface v0.103
[    1.176386] loop: module loaded
[    1.180650] scsi host0: ata_piix
[    1.183572] scsi host1: ata_piix
[    1.186169] ata1: PATA max UDMA/33 cmd 0x1f0 ctl 0x3f6 bmdma 0xd000 irq 14
[    1.191220] ata2: PATA max UDMA/33 cmd 0x170 ctl 0x376 bmdma 0xd008 irq 15
[    1.196326] tun: Universal TUN/TAP device driver, 1.6
[    1.200139] PPP generic driver version 2.4.2
[    1.203306] ehci_hcd: USB 2.0 'Enhanced' Host Controller (EHCI) Driver
[    1.207750] ehci-pci: EHCI PCI platform driver
[    1.211019] ehci-platform: EHCI generic platform driver
[    1.214742] ohci_hcd: USB 1.1 'Open' Host Controller (OHCI) Driver
[    1.219056] ohci-pci: OHCI PCI platform driver
[    1.222374] ohci-platform: OHCI generic platform driver
[    1.226472] uhci_hcd: USB Universal Host Controller Interface driver
[    1.230889] i8042: PNP: PS/2 Controller [PNP0303:PS2K,PNP0f03:PS2M] at 0x60,0x64 irq 1,12
[    1.238713] serio: i8042 KBD port at 0x60,0x64 irq 1
[    1.242385] serio: i8042 AUX port at 0x60,0x64 irq 12
[    1.246430] mousedev: PS/2 mouse device common for all mice
[    1.251191] input: AT Translated Set 2 keyboard as /devices/platform/i8042/serio0/input/input2
[    1.258651] rtc_cmos rtc_cmos: rtc core: registered rtc_cmos as rtc0
[    1.262686] rtc_cmos rtc_cmos: alarms up to one day, 114 bytes nvram
[    1.266546] i2c /dev entries driver
[    1.268866] device-mapper: uevent: version 1.0.3
[    1.272209] device-mapper: ioctl: 4.37.0-ioctl (2017-09-20) initialised: dm-devel@redhat.com
[    1.277455] ledtrig-cpu: registered to indicate activity on CPUs
[    1.282276] NET: Registered protocol family 10
[    1.290502] Segment Routing with IPv6
[    1.292865] NET: Registered protocol family 17
[    1.296309] Key type dns_resolver registered
[    1.299524] mce: Using 0 MCE banks
[    1.301761] RAS: Correctable Errors collector initialized.
[    1.305028] sched_clock: Marking stable (1304998623, 0)->(2125483575, -820484952)
[    1.311290] registered taskstats version 1
[    1.313844] Loading compiled-in X.509 certificates
[    1.320514] Loaded X.509 cert 'Build time autogenerated kernel key: b5b26778eaa3ab3a4a6cee031137706e947d12ad'
[    1.326482] Loaded X.509 cert 'Canonical Ltd. Live Patch Signing: 14df34d1a87cf37625abec039ef2bf521249b969'
[    1.332479] Loaded X.509 cert 'Canonical Ltd. Kernel Module Signing: 88f752e560a1e0737e31163a466ad7b70a850c19'
[    1.338424] blacklist: Loading compiled-in revocation X.509 certificates
[    1.342438] Loaded X.509 cert 'Canonical Ltd. Secure Boot Signing: 61482aa2830d0ab2ad5af10b7250da9033ddcef0'
[    1.348519] Loaded X.509 cert 'Canonical Ltd. Secure Boot Signing (2017): 242ade75ac4a15e50d50c84b0d45ff3eae707a03'
[    1.354533] Loaded X.509 cert 'Canonical Ltd. Secure Boot Signing (ESM 2018): 365188c1d374d6b07c3c8f240f8ef722433d6a8b'
[    1.361106] Loaded X.509 cert 'Canonical Ltd. Secure Boot Signing (2019): c0746fd6c5da3ae827864651ad66ae47fe24b3e8'
[    1.367530] Loaded X.509 cert 'Canonical Ltd. Secure Boot Signing (2021 v1): a8d54bbb3825cfb94fa13c9f8a594a195c107b8d'
[    1.374078] Loaded X.509 cert 'Canonical Ltd. Secure Boot Signing (2021 v2): 4cf046892d6fd3c9a5b03f98d845f90851dc6a8c'
[    1.380605] Loaded X.509 cert 'Canonical Ltd. Secure Boot Signing (2021 v3): 100437bb6de6e469b581e61cd66bce3ef4ed53af'
[    1.387544] Loaded X.509 cert 'Canonical Ltd. Secure Boot Signing (Ubuntu Core 2019): c1d57b8f6b743f23ee41f4f7ee292f06eecadfb9'
[    1.394952] zswap: loaded using pool lzo/zbud
[    1.417362] Key type big_key registered
[    1.419827] Key type trusted registered
[    1.425198] Key type encrypted registered
[    1.427662] AppArmor: AppArmor sha1 policy hashing enabled
[    1.430930] ima: No TPM chip found, activating TPM-bypass! (rc=-19)
[    1.435268] ima: Allocated hash algorithm: sha1
[    1.438000] evm: HMAC attrs: 0x1
[    1.440851]   Magic number: 3:383:796
[    1.444252] rtc_cmos rtc_cmos: setting system clock to 2023-08-03 18:46:12 UTC (1691088372)
[    1.449281] BIOS EDD facility v0.16 2004-Jun-25, 0 devices found
[    1.453219] EDD information not available.
[    1.458608] Freeing unused kernel image memory: 2480K
[    1.488305] Write protecting the kernel read-only data: 20480k
[    1.495675] Freeing unused kernel image memory: 2008K
[    1.499676] Freeing unused kernel image memory: 1820K
[    1.508356] x86/mm: Checked W+X mappings: passed, no W+X pages found.
[    1.512218] x86/mm: Checking user space page tables
[    1.520143] x86/mm: Checked W+X mappings: passed, no W+X pages found.
Loading, please wait...
starting version 237
[    1.596203] e1000: Intel(R) PRO/1000 Network Driver - version 7.3.21-k8-NAPI
[    1.596210] Fusion MPT base driver 3.04.20
[    1.600375] e1000: Copyright (c) 1999-2006 Intel Corporation.
[    1.603623] Copyright (c) 1999-2008 LSI Corporation
[    1.625154] AVX2 version of gcm_enc/dec engaged.
[    1.629006] AES CTR mode by8 optimization enabled
[    1.648515] Fusion MPT SPI Host driver 3.04.20
[    1.836369] input: ImExPS/2 Generic Explorer Mouse as /devices/platform/i8042/serio1/input/input4
[    2.108268] e1000 0000:00:03.0 eth0: (PCI:33MHz:32-bit) 02:3b:7b:b7:3b:2d
[    2.112193] e1000 0000:00:03.0 eth0: Intel(R) PRO/1000 Network Connection
[    2.593707] e1000 0000:00:08.0 eth1: (PCI:33MHz:32-bit) 08:00:27:cf:15:10
[    2.597630] e1000 0000:00:08.0 eth1: Intel(R) PRO/1000 Network Connection
[    2.603341] mptbase: ioc0: Initiating bringup
[    2.715820] ioc0: LSI53C1030 A0: Capabilities={Initiator}
[    2.966450] scsi host2: ioc0: LSI53C1030 A0, FwRev=00000000h, Ports=1, MaxQ=256, IRQ=20
[    3.141890] scsi 2:0:0:0: Direct-Access     VBOX     HARDDISK         1.0  PQ: 0 ANSI: 5
[    3.191584] scsi target2:0:0: Beginning Domain Validation
[    3.200759] scsi target2:0:0: Domain Validation skipping write tests
[    3.206492] scsi target2:0:0: Ending Domain Validation
[    3.211974] scsi target2:0:0: asynchronous
[    3.218783] scsi 2:0:1:0: Direct-Access     VBOX     HARDDISK         1.0  PQ: 0 ANSI: 5
[    3.596748] scsi target2:0:1: Beginning Domain Validation
[    3.604816] scsi target2:0:1: Domain Validation skipping write tests
[    3.610066] scsi target2:0:1: Ending Domain Validation
[    3.614546] scsi target2:0:1: asynchronous
[    3.625675] sd 2:0:0:0: Attached scsi generic sg0 type 0
[    3.626280] sd 2:0:0:0: [sda] 83886080 512-byte logical blocks: (42.9 GB/40.0 GiB)
[    3.631704] sd 2:0:1:0: Attached scsi generic sg1 type 0
[    3.638050] sd 2:0:0:0: [sda] Write Protect is off
[    3.643253] e1000 0000:00:09.0 eth2: (PCI:33MHz:32-bit) 08:00:27:b2:cc:23
[    3.650340] e1000 0000:00:09.0 eth2: Intel(R) PRO/1000 Network Connection
[    3.650529] sd 2:0:1:0: [sdb] 20480 512-byte logical blocks: (10.5 MB/10.0 MiB)
[    3.660296] sd 2:0:0:0: [sda] Incomplete mode parameter data
[    3.660298] sd 2:0:1:0: [sdb] Write Protect is off
[    3.665854] sd 2:0:0:0: [sda] Assuming drive cache: write through
[    3.673297] sd 2:0:1:0: [sdb] Incomplete mode parameter data
[    3.676683] sd 2:0:1:0: [sdb] Assuming drive cache: write through
[    3.682711]  sda: sda1
[    3.685395] sd 2:0:1:0: [sdb] Attached SCSI disk
[    3.689086] sd 2:0:0:0: [sda] Attached SCSI disk
[    3.694804] e1000 0000:00:09.0 enp0s9: renamed from eth2
[    3.712209] e1000 0000:00:03.0 enp0s3: renamed from eth0
[    3.733585] e1000 0000:00:08.0 enp0s8: renamed from eth1
Begin: Loading essential drivers ... [    5.855853] raid6: sse2x1   gen() 26228 MB/s
[    6.036804] raid6: sse2x1   xor() 10775 MB/s
[    6.099912] raid6: sse2x2   gen() 20387 MB/s
[    6.205376] raid6: sse2x2   xor() 24328 MB/s
[    6.264079] raid6: sse2x4   gen() 18207 MB/s
[    6.387404] raid6: sse2x4   xor() 30931 MB/s
[    6.455048] raid6: avx2x1   gen() 31609 MB/s
[    6.505030] raid6: avx2x1   xor() 17957 MB/s
[    6.571404] raid6: avx2x2   gen() 33206 MB/s
[    6.693102] raid6: avx2x2   xor() 30552 MB/s
[    6.754655] raid6: avx2x4   gen() 44482 MB/s
[    6.808279] raid6: avx2x4   xor() 20645 MB/s
[    6.812083] raid6: using algorithm avx2x4 gen() 44482 MB/s
[    6.815296] raid6: .... xor() 20645 MB/s, rmw enabled
[    6.818114] raid6: using avx2x2 recovery algorithm
[    6.822604] xor: automatically using best checksumming function   avx       
[    6.828352] async_tx: api initialized (async)
done.
Begin: Running /scripts/init-premount ... done.
Begin: Mounting root file system ... Begin: Running /scripts/local-top ... done.
Begin: Running /scripts/local-premount ... [    6.875505] Btrfs loaded, crc32c=crc32c-intel
Scanning for Btrfs filesystems
done.
Warning: fsck not present, so skipping root file system
[    6.908737] EXT4-fs (sda1): mounted filesystem with ordered data mode. Opts: (null)
done.
Begin: Running /scripts/local-bottom ... done.
Begin: Running /scripts/init-bottom ... done.
[    7.107725] ip_tables: (C) 2000-2006 Netfilter Core Team
[    7.121972] systemd[1]: systemd 237 running in system mode. (+PAM +AUDIT +SELINUX +IMA +APPARMOR +SMACK +SYSVINIT +UTMP +LIBCRYPTSETUP +GCRYPT +GNUTLS +ACL +XZ +LZ4 +SECCOMP +BLKID +ELFUTILS +KMOD -IDN2 +IDN -PCRE2 default-hierarchy=hybrid)
[    7.133349] systemd[1]: Detected virtualization oracle.
[    7.136555] systemd[1]: Detected architecture x86-64.

Welcome to [1mUbuntu 18.04.6 LTS[0m!

[    7.161952] systemd[1]: Set hostname to <ubuntu>.
[    7.168257] systemd[1]: Initializing machine ID from random generator.
[    7.172358] systemd[1]: Installed transient /etc/machine-id file.
[    7.400330] systemd[1]: Created slice System Slice.
[[0;32m  OK  [0m] Created slice System Slice.
[    7.404846] systemd[1]: Listening on Device-mapper event daemon FIFOs.
[[0;32m  OK  [0m] Listening on Device-mapper event daemon FIFOs.
[    7.410294] systemd[1]: Listening on udev Control Socket.
[[0;32m  OK  [0m] Listening on udev Control Socket.
[    7.415023] systemd[1]: Listening on Journal Audit Socket.
[[0;32m  OK  [0m] Listening on Journal Audit Socket.
[[0;32m  OK  [0m] Listening on Journal Socket.
         Mounting Kernel Debug File System...
         Mounting Huge Pages File System...
         Starting Load Kernel Modules...
         Starting Uncomplicated firewall...
         Starting Create list of required stâ€¦ce nodes for the current kernel...
[[0;32m  OK  [0m] Listening on Journal Socket (/dev/log).
[[0;32m  OK  [0m] Reached target User and Group Name Lookups.
[[0;32m  OK  [0m] Created slice system-serial\x2dgetty.slice.
[[0;32m  OK  [0m] Set up automount Arbitrary Executabâ€¦rmats File System Automount Point.
[[0;32m  OK  [0m] Created slice User and Session Slice.
[[0;32m  OK  [0m] Listening on /dev/initctl Compatibility Named Pipe.
[[0;32m  OK  [0m] Listening on Syslog Socket.
[[0;32m  OK  [0m] Started Forward Password Requests to Wall Directory Watch.
[[0;32m  OK  [0m] Reached target Mounting snaps.
[[0;32m  OK  [0m] Reached target Mounted snaps.
[    7.449556] Loading iSCSI transport class v2.0-870.
[[0;32m  OK  [0m] Reached target Swap.
[[0;32m  OK  [0m] Reached target Slices.
[[0;32m  OK  [0m] Reached target System Time Synchronized.
         Starting Set the console keyboard layout...
[[0;32m  OK  [0m] Listening on LVM2 metadata daemon socket.
         Starting Monitoring of LVM2 mirrorsâ€¦ng dmeventd or progress polling...
[[0;32m  OK  [0m] Listening on Network Service Netlink Socket.
         Starting Journal Service...
         Mounting POSIX Message Queue File System...
[[0;32m  OK  [0m] Listening on LVM2 poll daemon socket.
[[0;32m  OK  [0m] Listening on udev Kernel Socket.
         Starting udev Coldplug all Devices...
[[0;32m  OK  [0m] Listening on fsck to fsckd communication Socket.
         Starting File System Check on Root Device...
[[0;32m  OK  [0m] Mounted Kernel Debug File System.
[[0;32m  OK  [0m] Mounted Huge Pages File System.
[[0;32m  OK  [0m] Started Uncomplicated firewall.
[[0;32m  OK  [0m] Started Create list of required staâ€¦vice nodes for the current kernel.
[[0;32m  OK  [0m] Mounted POSIX Message Queue File System.
         Starting Create Static Device Nodes in /dev...
[[0;32m  OK  [0m] Started LVM2 metadata daemon.
[    7.528982] iscsi: registered transport (tcp)
[    7.548524] iscsi: registered transport (iser)
[[0;32m  OK  [0m] Started Load Kernel Modules.
         Mounting Kernel Configuration File System...
         Mounting FUSE Control File System...
         Starting Apply Kernel Variables...
[[0;32m  OK  [0m] Mounted Kernel Configuration File System.
[[0;32m  OK  [0m] Mounted FUSE Control File System.
[[0;32m  OK  [0m] Started Journal Service.
[[0;32m  OK  [0m] Started File System Check Daemon to report status.
[[0;32m  OK  [0m] Started Create Static Device Nodes in /dev.
[[0;32m  OK  [0m] Started udev Coldplug all Devices.
[[0;32m  OK  [0m] Started Monitoring of LVM2 mirrors,â€¦sing dmeventd or progress polling.
[[0;32m  OK  [0m] Started Apply Kernel Variables.
[[0;32m  OK  [0m] Started File System Check on Root Device.
         Starting Remount Root and Kernel File Systems...
[[0;32m  OK  [0m] Started Remount Root and Kernel File Systems.
         Starting Flush Journal to Persistent Storage...
         Starting udev Kernel Device Manager...
         Starting Load/Save Random Seed...
[[0;32m  OK  [0m] Started Load/Save Random Seed.
[[0;32m  OK  [0m] Started udev Kernel Device Manager.
[[0;32m  OK  [0m] Started Flush Journal to Persistent Storage.
[[0;32m  OK  [0m] Found device /dev/ttyS0.
[[0;32m  OK  [0m] Listening on Load/Save RF Kill Switch Status /dev/rfkill Watch.
         Mounting Arbitrary Executable File Formats File System...
[[0;32m  OK  [0m] Mounted Arbitrary Executable File Formats File System.
[[0;32m  OK  [0m] Started Set the console keyboard layout.
[[0;32m  OK  [0m] Reached target Local File Systems (Pre).
[[0;32m  OK  [0m] Reached target Local File Systems.
         Starting Commit a transient machine-id on disk...
         Starting Create Volatile Files and Directories...
         Starting Set console font and keymap...
         Starting Tell Plymouth To Write Out Runtime Data...
         Starting AppArmor initialization...
         Starting ebtables ruleset management...
[[0;32m  OK  [0m] Started Dispatch Password Requests to Console Directory Watch.
[[0;32m  OK  [0m] Reached target Local Encrypted Volumes.
[[0;32m  OK  [0m] Started Create Volatile Files and Directories.
         Starting Update UTMP about System Boot/Shutdown...
[[0;32m  OK  [0m] Started Tell Plymouth To Write Out Runtime Data.
[[0;32m  OK  [0m] Started Update UTMP about System Boot/Shutdown.
[[0;32m  OK  [0m] Started Commit a transient machine-id on disk.
[[0;32m  OK  [0m] Started ebtables ruleset management.
[[0;32m  OK  [0m] Started AppArmor initialization.
         Starting Initial cloud-init job (pre-networking)...
         Starting Load AppArmor profiles managed internally by snapd...
[[0;32m  OK  [0m] Started Load AppArmor profiles managed internally by snapd.
[[0;32m  OK  [0m] Started Set console font and keymap.
[   10.581526] cloud-init[855]: Cloud-init v. 23.1.2-0ubuntu0~18.04.1 running 'init-local' at Thu, 03 Aug 2023 18:46:21 +0000. Up 10.21 seconds.
[[0;32m  OK  [0m] Started Initial cloud-init job (pre-networking).
[[0;32m  OK  [0m] Reached target Network (Pre).
         Starting Network Service...
[[0;32m  OK  [0m] Started Network Service.
         Starting Wait for Network to be Configured...
         Starting Network Name Resolution...
[[0;32m  OK  [0m] Started Network Name Resolution.
[[0;32m  OK  [0m] Reached target Host and Network Name Lookups.
[[0;32m  OK  [0m] Reached target Network.
[[0;32m  OK  [0m] Started Wait for Network to be Configured.
         Starting Initial cloud-init job (metadata service crawler)...
[   12.323455] cloud-init[1024]: Cloud-init v. 23.1.2-0ubuntu0~18.04.1 running 'init' at Thu, 03 Aug 2023 18:46:23 +0000. Up 12.18 seconds.
[   12.326805] cloud-init[1024]: ci-info: ++++++++++++++++++++++++++++++++++++++Net device info+++++++++++++++++++++++++++++++++++++++
[   12.330287] cloud-init[1024]: ci-info: +--------+-------+----------------------------+---------------+--------+-------------------+
[   12.333008] cloud-init[1024]: ci-info: | Device |   Up  |          Address           |      Mask     | Scope  |     Hw-Address    |
[   12.336311] cloud-init[1024]: ci-info: +--------+-------+----------------------------+---------------+--------+-------------------+
[   12.339136] cloud-init[1024]: ci-info: | enp0s3 |  True |         10.0.2.15          | 255.255.255.0 | global | 02:3b:7b:b7:3b:2d |
[   12.342069] cloud-init[1024]: ci-info: | enp0s3 |  True | fe80::3b:7bff:feb7:3b2d/64 |       .       |  link  | 02:3b:7b:b7:3b:2d |
[   12.344962] cloud-init[1024]: ci-info: | enp0s8 | False |             .              |       .       |   .    | 08:00:27:cf:15:10 |
[   12.347832] cloud-init[1024]: ci-info: | enp0s9 | False |             .              |       .       |   .    | 08:00:27:b2:cc:23 |
[   12.360802] cloud-init[1024]: ci-info: |   lo   |  True |         127.0.0.1          |   255.0.0.0   |  host  |         .         |
[   12.364762] cloud-init[1024]: ci-info: |   lo   |  True |          ::1/128           |       .       |  host  |         .         |
[   12.368313] cloud-init[1024]: ci-info: +--------+-------+----------------------------+---------------+--------+-------------------+
[   12.371983] cloud-init[1024]: ci-info: ++++++++++++++++++++++++++++Route IPv4 info+++++++++++++++++++++++++++++
[   12.375217] cloud-init[1024]: ci-info: +-------+-------------+----------+-----------------+-----------+-------+
[   12.378161] cloud-init[1024]: ci-info: | Route | Destination | Gateway  |     Genmask     | Interface | Flags |
[   12.381507] cloud-init[1024]: ci-info: +-------+-------------+----------+-----------------+-----------+-------+
[   12.385289] cloud-init[1024]: ci-info: |   0   |   0.0.0.0   | 10.0.2.2 |     0.0.0.0     |   enp0s3  |   UG  |
[   12.387663] cloud-init[1024]: ci-info: |   1   |   10.0.2.0  | 0.0.0.0  |  255.255.255.0  |   enp0s3  |   U   |
[   12.390066] cloud-init[1024]: ci-info: |   2   |   10.0.2.2  | 0.0.0.0  | 255.255.255.255 |   enp0s3  |   UH  |
[   12.392462] cloud-init[1024]: ci-info: +-------+-------------+----------+-----------------+-----------+-------+
[   12.394802] cloud-init[1024]: ci-info: +++++++++++++++++++Route IPv6 info+++++++++++++++++++
[   12.396928] cloud-init[1024]: ci-info: +-------+-------------+---------+-----------+-------+
[   12.399090] cloud-init[1024]: ci-info: | Route | Destination | Gateway | Interface | Flags |
[   12.401440] cloud-init[1024]: ci-info: +-------+-------------+---------+-----------+-------+
[   12.404105] cloud-init[1024]: ci-info: |   1   |  fe80::/64  |    ::   |   enp0s3  |   U   |
[   12.406684] cloud-init[1024]: ci-info: |   3   |    local    |    ::   |   enp0s3  |   U   |
[   12.409333] cloud-init[1024]: ci-info: |   4   |   ff00::/8  |    ::   |   enp0s3  |   U   |
[   12.411911] cloud-init[1024]: ci-info: +-------+-------------+---------+-----------+-------+
[   13.299152] cloud-init[1024]: Generating public/private rsa key pair.
[   13.301085] cloud-init[1024]: Your identification has been saved in /etc/ssh/ssh_host_rsa_key.
[   13.303858] cloud-init[1024]: Your public key has been saved in /etc/ssh/ssh_host_rsa_key.pub.
[   13.306711] cloud-init[1024]: The key fingerprint is:
[   13.308463] cloud-init[1024]: SHA256:H7u3Cp0v3uZNbbUWz2BVE73TaCPxn4qC3qZX0ydUl7s root@ubuntu-bionic
[   13.311264] cloud-init[1024]: The key's randomart image is:
[   13.313135] cloud-init[1024]: +---[RSA 2048]----+
[   13.314854] cloud-init[1024]: |               o=|
[   13.316542] cloud-init[1024]: |            .  o=|
[   13.318257] cloud-init[1024]: |             o..*|
[   13.320127] cloud-init[1024]: |            ..==.|
[   13.321336] cloud-init[1024]: |        S . ooo+=|
[   13.322515] cloud-init[1024]: |         o * + E*|
[   13.324013] cloud-init[1024]: |        o * o =o=|
[   13.325729] cloud-init[1024]: |       ..=.=o+.. |
[   13.327476] cloud-init[1024]: |      .o+o=*=..  |
[   13.329375] cloud-init[1024]: +----[SHA256]-----+
[   13.331172] cloud-init[1024]: Generating public/private dsa key pair.
[   13.333741] cloud-init[1024]: Your identification has been saved in /etc/ssh/ssh_host_dsa_key.
[   13.336232] cloud-init[1024]: Your public key has been saved in /etc/ssh/ssh_host_dsa_key.pub.
[   13.338845] cloud-init[1024]: The key fingerprint is:
[   13.340366] cloud-init[1024]: SHA256:qNDj3oK49AQlJTKfQGwbqE9uvzEvcUc/p/m487iAE3c root@ubuntu-bionic
[   13.342981] cloud-init[1024]: The key's randomart image is:
[   13.344594] cloud-init[1024]: +---[DSA 1024]----+
[   13.346137] cloud-init[1024]: |Bo .             |
[   13.347591] cloud-init[1024]: |oBo.             |
[   13.349516] cloud-init[1024]: |o.=.             |
[   13.351962] cloud-init[1024]: |..+.   ..        |
[   13.353740] cloud-init[1024]: | =. o o.S.E      |
[   13.355434] cloud-init[1024]: |  =o.o.+..o .    |
[   13.357062] cloud-init[1024]: | + +=oo..  =     |
[   13.358966] cloud-init[1024]: |o +.+= . .+o     |
[   13.360683] cloud-init[1024]: |.. .o+o   =*o    |
[   13.362131] cloud-init[1024]: +----[SHA256]-----+
[   13.363692] cloud-init[1024]: Generating public/private ecdsa key pair.
[   13.366044] cloud-init[1024]: Your identification has been saved in /etc/ssh/ssh_host_ecdsa_key.
[   13.369342] cloud-init[1024]: Your public key has been saved in /etc/ssh/ssh_host_ecdsa_key.pub.
[   13.372231] cloud-init[1024]: The key fingerprint is:
[   13.374211] cloud-init[1024]: SHA256:4fJN4ZvexpcIuMg/OgInvl5ZEX/an3aT2A8QTDA8YPk root@ubuntu-bionic
[[0;32m  OK  [0m] Started Initial cloud-init job (metadata service crawler).
[   13.377660] cloud-init[1024]: The key's randomart image is:
[[0;32m  OK  [0m] Reached target Cloud-config availability.
[[   13.378057] [0;32m  OK  [0mcloud-init] [1024]: Reached target Network is Online.+---[ECDSA 256]---+

[[0;32m  OK  [0m] Reached target Remote File Systems (Pre).
[[   13.385571] [0;32m  OK  [0mcloud-init] [1024]: Reached target Remote File Systems.|      . o+o..    |

         Starting Availability of block devices...
[   13.389730] cloud-init[1024]: |       +. o+     |
[   13.393070] cloud-init[[1024]: [0;32m  OK  [0m|      . o.o.o    |] 
Reached target System Initialization.
[[0;32m  OK  [0m] Listening on ACPID Listen Socket.
[   13.397146] cloud-init[1024]: |       o *E. .   |
[[0;32m  OK  [0m] Listening on Open-iSCSI iscsid Socket.
[   13.399163] cloud-init[1024]: |      o S.+ .    |
         Starting Socket activation for snappy daemon.
[   13.412578] cloud-init[1024]: |  o .o o.o.+ = . |
         Starting LXD - unix socket.
[   13.415029] cloud-init[1024]: | . +o. ...+o=.*. |
[[0;32m  OK  [0m] Started Daily Cleanup of Temporary Directories.
[   13.417392] cloud-init[1024]: |  ... + o. o+.o+ |
[[0;32m  OK  [0m] Started ACPI Events Check.
[   13.420868] cloud-init[1024]: | .o. ..+......  .|
[[0;32m  OK  [0m] Listening on UUID daemon activation socket.
[   13.423628] cloud-init[[1024]: [0;32m  OK  [0m+----[SHA256]-----+] 
Started Ubuntu Advantage Timer for running repeated jobs.
[[0;32m  OK  [0m] Started Daily apt download activities.
[   13.429441] cloud-init[1024]: Generating public/private ed25519 key pair.
[[0;32m  OK  [0m] Started Daily apt upgrade and clean activities.
[   13.434643] cloud-init[1024]: Your identification has been saved in /etc/ssh/ssh_host_ed25519_key.
[[0;32m  OK  [0m] Listening on D-Bus System Message Bus Socket.
[   13.438696] cloud-init[1024]: Your public key has been saved in /etc/ssh/ssh_host_ed25519_key.pub.
[[0;32m  OK  [0m] Reached target Paths.
[   13.440433] cloud-init[1024]: The key fingerprint is:
[[0;32m  OK  [0m] Listening on cloud-init hotplug hook socket.
[   13.444597] cloud-init[1024]: SHA256:XbLoixndcIW7yisToYnSbsemPeTkM61VNpbRx9dca9Y root@ubuntu-bionic
[[0;32m  OK  [0m] Started Message of the Day.
[   13.448089] cloud-init[1024]: The key's randomart image is:
[[0;32m  OK  [0m] Started Discard unused blocks once a week.
[   13.450503] cloud-init[1024]: +--[ED25519 256]--+
[[0;32m  OK  [0m] Reached target Timers.
[   13.453127] cloud-init[1024]: |                .|
[[0;32m  OK  [0m] Started Availability of block devices.
[   13.455794] cloud-init[1024]: |         . o   o+|
[[0;32m  OK  [0m] Listening on Socket activation for snappy daemon.
[   13.458235] cloud-init[1024]: |        . + = .+E|
[[0;32m  OK  [0m] Listening on LXD - unix socket.
[   13.461528] cloud-init[1024]: |      .  = B .o  |
[[0;32m  OK  [0m] Reached target Sockets.
[   13.464159] cloud-init[1024]: | . . o .S =      |
[[0;32m  OK  [0m] Reached target Basic System.
[   13.466565] cloud-init[1024]: |. o = .* = .     |
[   13.468928] cloud-init[1024]: | o * .o.o o      |
         Starting Pollinate to seed the pseudo random number generator...
         Starting System Logging Service...
[   13.470351] cloud-init[1024]: |  o.X.+= o       |
[   13.478235] cloud-init[1024]: | ..+o=oo=.       |
[   13.479926] cloud-init[1024]: +----[SHA256]-----+
         Starting Login Service...
         Starting LSB: automatic crash report generation...
[[0;32m  OK  [0m] Started Deferred execution scheduler.
[[0;32m  OK  [0m] Started D-Bus System Message Bus.
[[0;32m  OK  [0m] Reached target Login Prompts (Pre).
         Starting Accounts Service...
         Starting LSB: Record successful boot for GRUB...
         Starting Virtualbox guest utils...
         Starting LXD - container startup/shutdown...
         Starting Snap Daemon...
[[0;32m  OK  [0m] Started Regular background program processing daemon.
         Starting Dispatcher daemon for systemd-networkd...
         Starting Permit User Sessions...
[[0;32m  OK  [0m] Started irqbalance daemon.
[[0;32m  OK  [0m] Started FUSE filesystem for LXC.
[[0;32m  OK  [0m] Started System Logging Service.
[[0;32m  OK  [0m] Started Login Service.
[[0;32m  OK  [0m] Started Permit User Sessions.
         Starting Terminate Plymouth Boot Screen...
         Starting Hold until boot process finishes up...
         Starting Authorization Manager...
[[0;32m  OK  [0m] Started Unattended Upgrades Shutdown.
[[0;32m  OK  [0m] Started LSB: automatic crash report generation.
[[0;32m  OK  [0m] Started Hold until boot process finishes up.
[[0;32m  OK  [0m] Started Serial Getty on ttyS0.
         Starting Set console scheme...
[[0;32m  OK  [0m] Started Terminate Plymouth Boot Screen.
[[0;32m  OK  [0m] Started Authorization Manager.
[[0;32m  OK  [0m] Started Accounts Service.
[[0;32m  OK  [0m] Started Set console scheme.
[[0;32m  OK  [0m] Created slice system-getty.slice.
[[0;32m  OK  [0m] Started Getty on tty1.
[[0;32m  OK  [0m] Reached target Login Prompts.
[[0;32m  OK  [0m] Started Virtualbox guest utils.
[[0;32m  OK  [0m] Started LSB: Record successful boot for GRUB.
[[0;32m  OK  [0m] Started LXD - container startup/shutdown.
[[0;32m  OK  [0m] Started Dispatcher daemon for systemd-networkd.
[[0;32m  OK  [0m] Started Snap Daemon.
         Starting Wait until snapd is fully seeded...
         Starting Time & Date Service...
[[0;32m  OK  [0m] Started Time & Date Service.
[[0;32m  OK  [0m] Started Pollinate to seed the pseudo random number generator.
         Starting OpenBSD Secure Shell server...
[[0;32m  OK  [0m] Started OpenBSD Secure Shell server.
[[0;32m  OK  [0m] Created slice User Slice of vagrant.
         Starting User Manager for UID 1000...
[[0;32m  OK  [0m] Started Session 1 of user vagrant.
[[0;32m  OK  [0m] Started User Manager for UID 1000.
[[0;32m  OK  [0m] Started Wait until snapd is fully seeded.
         Starting Apply the settings specified in cloud-config...
[   18.689815] cloud-init[1694]: Cloud-init v. 23.1.2-0ubuntu0~18.04.1 running 'modules:config' at Thu, 03 Aug 2023 18:46:29 +0000. Up 18.12 seconds.
[[0;32m  OK  [0m] Started Apply the settings specified in cloud-config.
[[0;32m  OK  [0m] Reached target Multi-User System.
[[0;32m  OK  [0m] Reached target Graphical Interface.
         Starting Execute cloud user/final scripts...
         Starting Update UTMP about System Runlevel Changes...
[[0;32m  OK  [0m] Started Update UTMP about System Runlevel Changes.

Ubuntu 18.04.6 LTS ubuntu-bionic ttyS0

ubuntu-bionic login: ci-info: no authorized SSH keys fingerprints found for user ubuntu.
<14>Aug  3 18:46:31 cloud-init: #############################################################
<14>Aug  3 18:46:31 cloud-init: -----BEGIN SSH HOST KEY FINGERPRINTS-----
<14>Aug  3 18:46:31 cloud-init: 1024 SHA256:qNDj3oK49AQlJTKfQGwbqE9uvzEvcUc/p/m487iAE3c root@ubuntu-bionic (DSA)
<14>Aug  3 18:46:31 cloud-init: 256 SHA256:4fJN4ZvexpcIuMg/OgInvl5ZEX/an3aT2A8QTDA8YPk root@ubuntu-bionic (ECDSA)
<14>Aug  3 18:46:31 cloud-init: 256 SHA256:XbLoixndcIW7yisToYnSbsemPeTkM61VNpbRx9dca9Y root@ubuntu-bionic (ED25519)
<14>Aug  3 18:46:31 cloud-init: 2048 SHA256:H7u3Cp0v3uZNbbUWz2BVE73TaCPxn4qC3qZX0ydUl7s root@ubuntu-bionic (RSA)
<14>Aug  3 18:46:31 cloud-init: -----END SSH HOST KEY FINGERPRINTS-----
<14>Aug  3 18:46:31 cloud-init: #############################################################
-----BEGIN SSH HOST KEY KEYS-----
ecdsa-sha2-nistp256 AAAAE2VjZHNhLXNoYTItbmlzdHAyNTYAAAAIbmlzdHAyNTYAAABBBL5oVpp7T8RUIlYItSNSnzGUU5ohQn0XV8KsZ3D8FchW9mKt9O2kUIF+BDBsil1OojwqKPUvXiG4kO18MGn2UM4= root@ubuntu-bionic
ssh-ed25519 AAAAC3NzaC1lZDI1NTE5AAAAIHYka/WexJZBMrOEmlLTYjwAoA5Vr0yp453uFT9PtDBS root@ubuntu-bionic
ssh-rsa AAAAB3NzaC1yc2EAAAADAQABAAABAQDY4fzn94ViuHiZVGLS12xfUGcI+7Up7WaYlLDMAf5aVXP7xChL7NbgmSbT552CEe3U9k4tDeqaJXKfvyzpWljFeUWGku+/KVqIBs5yxpbF1NeBsMCXLaE8w7m1xpBh8AAiWB6TiIfGZjo+RL4/5nXgNFXSyLVhT47gg+whRHQGV7Wkf0O0ioPjVdVL0OMD079CNfwLzfGfjTJYoU2d8VSXbtBCiERARsZx3pMDnOnOZSEJ8jHOyNQEzSajA1dLqLuFGb+a9JZrzH/CkjYj7Bw62jp0b87d+obnZvbby+jpsA4Iu2U2+aJBeUgmnq3T4TmpiFX2HWRk7nS/kX7thFF5 root@ubuntu-bionic
-----END SSH HOST KEY KEYS-----
[   20.066634] cloud-init[1791]: Cloud-init v. 23.1.2-0ubuntu0~18.04.1 running 'modules:final' at Thu, 03 Aug 2023 18:46:30 +0000. Up 19.53 seconds.
[   20.067521] cloud-init[1791]: Cloud-init v. 23.1.2-0ubuntu0~18.04.1 finished at Thu, 03 Aug 2023 18:46:31 +0000. Datasource DataSourceNoCloud [seed=/dev/sdb][dsmode=net].  Up 20.04 seconds
